error: encountered conflicting pro! attribute argument
 --> $DIR/C-14-payable-constructor.rs:9:28
  |
9 |         #[pro(constructor, payable)]
  |                            ^^^^^^^

error: constructors are implicitly payable
 --> $DIR/C-14-payable-constructor.rs:9:28
  |
9 |         #[pro(constructor, payable)]
  |                            ^^^^^^^
